ERC report (2025-05-09T02:35:51+0000, Encoding UTF8)

***** Sheet /
[footprint_link_issues]: The current configuration does not include the footprint library 'TCRT5000'.
    ; warning
    @(0.3302 mm, 0.5461 mm): Symbol Sensor1 [TCRT5000]

[lib_symbol_mismatch]: Symbol 'TCRT5000' doesn't match copy in library 'TCRT5000'
    ; warning
    @(0.3302 mm, 0.5461 mm): Symbol Sensor1 [TCRT5000]

[footprint_link_issues]: The current configuration does not include the footprint library 'TCRT5000'.
    ; warning
    @(0.7747 mm, 0.5461 mm): Symbol Sensor2 [TCRT5000]

[lib_symbol_mismatch]: Symbol 'TCRT5000' doesn't match copy in library 'TCRT5000'
    ; warning
    @(0.7747 mm, 0.5461 mm): Symbol Sensor2 [TCRT5000]

[lib_symbol_mismatch]: Symbol '74HC14DR2G' doesn't match copy in library '74HC14DR2G'
    ; warning
    @(0.5969 mm, 1.1303 mm): Symbol U1 [74HC14DR2G]

[footprint_link_issues]: The current configuration does not include the footprint library 'TCRT5000'.
    ; warning
    @(1.2065 mm, 0.5461 mm): Symbol Sensor3 [TCRT5000]

[lib_symbol_mismatch]: Symbol 'TCRT5000' doesn't match copy in library 'TCRT5000'
    ; warning
    @(1.2065 mm, 0.5461 mm): Symbol Sensor3 [TCRT5000]

[footprint_link_issues]: The current configuration does not include the footprint library 'TCRT5000'.
    ; warning
    @(1.6764 mm, 0.5461 mm): Symbol Sensor4 [TCRT5000]

[lib_symbol_mismatch]: Symbol 'TCRT5000' doesn't match copy in library 'TCRT5000'
    ; warning
    @(1.6764 mm, 0.5461 mm): Symbol Sensor4 [TCRT5000]

[lib_symbol_mismatch]: Symbol 'LED' doesn't match copy in library 'Device'
    ; warning
    @(1.4224 mm, 1.2065 mm): Symbol D1 [LED]

[lib_symbol_mismatch]: Symbol 'LED' doesn't match copy in library 'Device'
    ; warning
    @(1.6002 mm, 1.2065 mm): Symbol D2 [LED]

[lib_symbol_mismatch]: Symbol 'LED' doesn't match copy in library 'Device'
    ; warning
    @(1.778 mm, 1.2065 mm): Symbol D3 [LED]

[footprint_link_issues]: The current configuration does not include the footprint library 'TCRT5000'.
    ; warning
    @(2.0955 mm, 0.5461 mm): Symbol Sensor5 [TCRT5000]

[lib_symbol_mismatch]: Symbol 'TCRT5000' doesn't match copy in library 'TCRT5000'
    ; warning
    @(2.0955 mm, 0.5461 mm): Symbol Sensor5 [TCRT5000]

[lib_symbol_mismatch]: Symbol 'LED' doesn't match copy in library 'Device'
    ; warning
    @(1.9431 mm, 1.2065 mm): Symbol D4 [LED]

[lib_symbol_mismatch]: Symbol 'LED' doesn't match copy in library 'Device'
    ; warning
    @(2.1336 mm, 1.2065 mm): Symbol D5 [LED]

[footprint_link_issues]: The current configuration does not include the footprint library 'TCRT5000'.
    ; warning
    @(2.5146 mm, 0.5461 mm): Symbol Sensor6 [TCRT5000]

[lib_symbol_mismatch]: Symbol 'TCRT5000' doesn't match copy in library 'TCRT5000'
    ; warning
    @(2.5146 mm, 0.5461 mm): Symbol Sensor6 [TCRT5000]

[lib_symbol_mismatch]: Symbol 'LED' doesn't match copy in library 'Device'
    ; warning
    @(2.2733 mm, 1.2065 mm): Symbol D6 [LED]

 ** ERC messages: 19  Errors 0  Warnings 19
