** Drc report for modulo_sensor.kicad_pcb **
** Created on 2025-05-09T02:35:51+0000 **

** Found 39 DRC violations **
[isolated_copper]: Isolated copper fill
    ; warning
    @(35.499798 mm, 42.002639 mm): Zone [GND] on F.Cu
[isolated_copper]: Isolated copper fill
    ; warning
    @(162.0 mm, 44.0 mm): Zone [GND] on B.Cu
[isolated_copper]: Isolated copper fill
    ; warning
    @(162.0 mm, 44.0 mm): Zone [GND] on B.Cu
[isolated_copper]: Isolated copper fill
    ; warning
    @(162.0 mm, 44.0 mm): Zone [GND] on B.Cu
[isolated_copper]: Isolated copper fill
    ; warning
    @(162.0 mm, 44.0 mm): Zone [GND] on B.Cu
[isolated_copper]: Isolated copper fill
    ; warning
    @(162.0 mm, 44.0 mm): Zone [GND] on B.Cu
[isolated_copper]: Isolated copper fill
    ; warning
    @(162.0 mm, 44.0 mm): Zone [GND] on B.Cu
[isolated_copper]: Isolated copper fill
    ; warning
    @(162.0 mm, 44.0 mm): Zone [GND] on B.Cu
[isolated_copper]: Isolated copper fill
    ; warning
    @(162.0 mm, 44.0 mm): Zone [GND] on B.Cu
[clearance]: Clearance violation (zone clearance 0.5000 mm; actual 0.0000 mm)
    ; error
    @(87.5 mm, 70.0 mm): Track [/Sensor3] on B.Cu, length 6.3498 mm
    @(162.0 mm, 44.0 mm): Zone [GND] on B.Cu
[clearance]: Clearance violation (zone clearance 0.5000 mm; actual 0.4793 mm)
    ; error
    @(80.0 mm, 72.5 mm): Track [/Sensor4] on B.Cu, length 20.5300 mm
    @(162.0 mm, 44.0 mm): Zone [GND] on B.Cu
[clearance]: Clearance violation (zone clearance 0.5000 mm; actual 0.1605 mm)
    ; error
    @(107.879983 mm, 65.15 mm): Track [/Sensor4] on B.Cu, length 2.8800 mm
    @(162.0 mm, 44.0 mm): Zone [GND] on B.Cu
[clearance]: Clearance violation (zone clearance 0.5000 mm; actual 0.4793 mm)
    ; error
    @(105.764992 mm, 67.264992 mm): Track [/Sensor4] on B.Cu, length 2.9910 mm
    @(162.0 mm, 44.0 mm): Zone [GND] on B.Cu
[clearance]: Clearance violation (zone clearance 0.5000 mm; actual 0.4793 mm)
    ; error
    @(100.529983 mm, 72.5 mm): Track [/Sensor4] on B.Cu, length 7.4034 mm
    @(162.0 mm, 44.0 mm): Zone [GND] on B.Cu
[clearance]: Clearance violation (zone clearance 0.5000 mm; actual 0.1605 mm)
    ; error
    @(110.759983 mm, 65.15 mm): Track [/Sensor4] on B.Cu, length 1.2021 mm
    @(162.0 mm, 44.0 mm): Zone [GND] on B.Cu
[silk_edge_clearance]: Silkscreen clipped by board edge
    ; warning
    @(53.609983 mm, 56.34 mm): Rectangle on Edge.Cuts
    @(88.374983 mm, 81.94 mm): Segment of J1 on F.Silkscreen
[silk_edge_clearance]: Silkscreen clipped by board edge
    ; warning
    @(53.609983 mm, 56.34 mm): Rectangle on Edge.Cuts
    @(90.974983 mm, 81.94 mm): Segment of J1 on F.Silkscreen
[silk_edge_clearance]: Silkscreen clipped by board edge
    ; warning
    @(53.609983 mm, 56.34 mm): Rectangle on Edge.Cuts
    @(93.514983 mm, 81.94 mm): Segment of J1 on F.Silkscreen
[silk_edge_clearance]: Silkscreen clipped by board edge
    ; warning
    @(53.609983 mm, 56.34 mm): Rectangle on Edge.Cuts
    @(96.054983 mm, 81.94 mm): Segment of J1 on F.Silkscreen
[silk_edge_clearance]: Silkscreen clipped by board edge
    ; warning
    @(53.609983 mm, 56.34 mm): Rectangle on Edge.Cuts
    @(98.594983 mm, 81.94 mm): Segment of J1 on F.Silkscreen
[silk_edge_clearance]: Silkscreen clipped by board edge
    ; warning
    @(53.609983 mm, 56.34 mm): Rectangle on Edge.Cuts
    @(101.134983 mm, 81.94 mm): Segment of J1 on F.Silkscreen
[silk_edge_clearance]: Silkscreen clipped by board edge
    ; warning
    @(53.609983 mm, 56.34 mm): Rectangle on Edge.Cuts
    @(103.674983 mm, 81.94 mm): Segment of J1 on F.Silkscreen
[silk_edge_clearance]: Silkscreen clipped by board edge
    ; warning
    @(53.609983 mm, 56.34 mm): Rectangle on Edge.Cuts
    @(106.214983 mm, 81.94 mm): Segment of J1 on F.Silkscreen
[silk_edge_clearance]: Silkscreen clipped by board edge
    ; warning
    @(53.609983 mm, 56.34 mm): Rectangle on Edge.Cuts
    @(108.814983 mm, 84.6 mm): Segment of J1 on F.Silkscreen
[lib_footprint_mismatch]: Footprint 'PinHeader_1x08_P2.54mm_Horizontal' does not match copy in library 'Connector_PinHeader_2.54mm'.
    ; warning
    @(107.484983 mm, 80.5 mm): Footprint J1
[lib_footprint_mismatch]: Footprint 'LED_1206_3216Metric_Pad1.42x1.75mm_HandSolder' does not match copy in library 'LED_SMD'.
    ; warning
    @(74.609983 mm, 69.2 mm): Footprint D2
[lib_footprint_mismatch]: Footprint 'LED_1206_3216Metric_Pad1.42x1.75mm_HandSolder' does not match copy in library 'LED_SMD'.
    ; warning
    @(90.609983 mm, 69.2 mm): Footprint D3
[lib_footprint_mismatch]: Footprint 'LED_1206_3216Metric_Pad1.42x1.75mm_HandSolder' does not match copy in library 'LED_SMD'.
    ; warning
    @(138.609983 mm, 69.2 mm): Footprint D6
[lib_footprint_mismatch]: Footprint 'LED_1206_3216Metric_Pad1.42x1.75mm_HandSolder' does not match copy in library 'LED_SMD'.
    ; warning
    @(106.609983 mm, 69.2 mm): Footprint D4
[lib_footprint_mismatch]: Footprint 'DIP-14_W7.62mm_Socket' does not match copy in library 'Package_DIP'.
    ; warning
    @(80.0 mm, 72.5 mm): Footprint U1
[lib_footprint_mismatch]: Footprint 'C_Disc_D3.0mm_W1.6mm_P2.50mm' does not match copy in library 'Capacitor_THT'.
    ; warning
    @(117.0 mm, 77.25 mm): Footprint C1
[lib_footprint_mismatch]: Footprint 'LED_1206_3216Metric_Pad1.42x1.75mm_HandSolder' does not match copy in library 'LED_SMD'.
    ; warning
    @(122.609983 mm, 69.2 mm): Footprint D5
[lib_footprint_mismatch]: Footprint 'LED_1206_3216Metric_Pad1.42x1.75mm_HandSolder' does not match copy in library 'LED_SMD'.
    ; warning
    @(58.609983 mm, 69.2 mm): Footprint D1
[lib_footprint_issues]: The current configuration does not include the footprint library 'TCRT5000'.
    ; warning
    @(90.609983 mm, 62.4 mm): Footprint Sensor3
[lib_footprint_issues]: The current configuration does not include the footprint library 'TCRT5000'.
    ; warning
    @(74.609983 mm, 62.4 mm): Footprint Sensor2
[lib_footprint_issues]: The current configuration does not include the footprint library 'TCRT5000'.
    ; warning
    @(138.609983 mm, 62.4 mm): Footprint Sensor6
[lib_footprint_issues]: The current configuration does not include the footprint library 'TCRT5000'.
    ; warning
    @(122.609983 mm, 62.4 mm): Footprint Sensor5
[lib_footprint_issues]: The current configuration does not include the footprint library 'TCRT5000'.
    ; warning
    @(58.609983 mm, 62.4 mm): Footprint Sensor1
[lib_footprint_issues]: The current configuration does not include the footprint library 'TCRT5000'.
    ; warning
    @(106.609983 mm, 62.4 mm): Footprint Sensor4

** Found 0 unconnected pads **

** Found 1 Footprint errors **
[footprint_symbol_mismatch]: Value (C1) doesn't match symbol value (10u1).
    ; warning
    @(117.0 mm, 77.25 mm): Footprint C1

** End of Report **
